---
source: crates/cohors-tui/src/ui.rs
expression: "render_to_string(&app, 100, 18)"
---
╭ cohors vX.Y.Z ───────────────────────────────────────────────────────5 repos · sort: dirty-first ╮
│ All yo╭ Standup · this week ─────────────────────────────────────────────────────────────╮       │
╰───────│                                                                                  │───────╯
╭ Attent│ Collecting your commits for this week…                                           │───────╮
│ 4 of 5│                                                                                  │       │
│ 1 unpu│                                                                                  │       │
╰───────│                                                                                  │───────╯
╭ Reposi│                                                                                  │───────╮
│    Rep│                                                                                  │       │
│       │                                                                                  │       │
│▌   leg│                                                                                  │n denie│
│    pay│                                                                                  │       │
│    web│                                                                                  │       │
│    inf│                                                                                  │       │
╰───────│                                                                                  │───────╯
╭───────│                                                                                  │───────╮
│ ↑/↓ re╰──────────────────────────────────────────────────────────────────────────────────╯       │
╰──────────────────────────────────────────────────────────────────────────────────────────────────╯
