---
source: crates/cohors-tui/src/ui.rs
expression: "render_to_string(&app, 50, 24)"
---
╭────────────────────────────────────────────────╮
│ ▖▗    ▖▗  cohors  v0  │  dir    …projects (+1) │
│   ▝██▘    All your g  │  config …s/config.toml │
│ ▘▝╭ Standup · this week ───────────────────╮   │
╰───│                                        │───╯
╭ At│ You authored 11 commits this week      │───╮
│ 1 │ across 2 repos, shipping 8 features    │·  │
╰───│ and fixing 3 bugs.                     │───╯
╭ Re│                                        │───╮
│   │ ╭ Repos ─────────────────────────────╮ │s  │
│▌  │ │ payments  8                        │ │   │
│   │ │ web-app  3                         │ │   │
│   │ │                                    │ │   │
│   │ │                                    │ │   │
│   │ │                                    │ │   │
│   │ │                                    │ │   │
│   │ ╰────────────────────────────────────╯ │   │
│   │                                        │   │
│   │ ╭ payments  ·  8 commits ────────────╮ │   │
╰───╰────────────────── 11 commits · 2 repos ╯───╯
╭────────────────────────────────────────────────╮
│ ↑/↓ repo · →/⏎ view commits · w window · y     │
│ copy · q close                                 │
╰────────────────────────────────────────────────╯
