---
source: crates/cohors-tui/src/ui.rs
expression: "render_to_string(&app, 92, 12)"
---
┌ cohors ───────────────────────────────────────3/5 repos · sort: dirty-first · dirty-only ┐
│⚠ 4 need attention  ·  ↑1 unpushed  ·  ↓1 behind  ·  ✎3 dirty  ·  ⚑1 stash  ·  ⚠1 error   │
│  Repo               Branch           ↑/↓     Dirty       Stash Remote   Last commit      │
│▌ payments           main             ↑2      +3 ?1       1     —        2h  ↑2 unpushed  │
│  web-app            feat/checkout    ↓5      +7          ·     —        20m  ↓5 behind — │
│  infra              @a1b2c3d (detach —       ?4          ·     —        1w  4 uncommitted│
│                                                                                          │
│                                                                                          │
│                                                                                          │
│                                                                                          │
│                                                                                          │
└ ↑/↓ move · / filter · d dirty · s sort · Tab standup · ⏎ open · F fetch · p pull · ? help┘
