---
source: crates/cohors-tui/src/ui.rs
expression: "render_to_string(&app, 100, 12)"
---
╭ cohors vX.Y.Z ───────────────────────────────────────────────────────────────────────────────── ╮
│ All your git repositories at a glance — status, fetch, pull & weekly standup.                    │
╰──────────────────────────────────────────────────────────────────────────────────────────────────╯
                                No git repos found under: ~/projects                                
                                                                                                    
────────────────────────────────────── press h to hide hints ───────────────────────────────────────
╭ select ───────────────────────╮ ╭ act ─────────────────────────╮ ╭ view ─────────────────────────╮
│Space mark repo                │ │⏎ open          P push        │ │↑/↓ move        Tab standup    │
│a mark all                     │ │f fetch         ! run command │ │s sort          ? help         │
│/ filter                       │ │p pull          S stash       │ │d dirty-only    q quit         │
│Esc clear                      │ │                              │ │                               │
╰───────────────────────────────╯ ╰──────────────────────────────╯ ╰───────────────────────────────╯
