---
source: crates/cohors-tui/src/ui.rs
expression: "render_to_string(&app, 100, 22)"
---
╭──────────────────────────────────────────────────────────────────────────────────────────────────╮
│ ▟█▙  cohors  vX.Y.Z                                                                             │
│ ▜█▛  All your git repositories at a glance —                                                     │
│  ▀   status · fetch · pull · weekly standup                                                      │
╰──────────────────────────────────────────────────────────────────────────────────────────────────╯
╭ Attention (4 of 5 repositories) ─────────────────────────────────────────────────────────────────╮
│ 1 unpushed ╭ Command ───────────────────────────────────────────────────────────────╮            │
╰────────────│ : sort name▏                                                           │────────────╯
╭ Repositorie│ ────────────────────────────────────────────────────────────────────── │────────────╮
│    Repo    │ :fetch :pull :push         │ sync the targets with their remotes       │            │
│▌   legacy-b│ :!<cmd>                    │ run any shell command across the targets  │n denied)   │
│    payments│ :sort <name·dirty·recent>  │ change the sort order                     │            │
│    web-app │ :dirty   /<text>           │ dirty-only · fuzzy filter                 │            │
│    infra   │ :jump <repo>               │ move the cursor to a repo                 │            │
│    auth-ser│ :standup :refresh :quit    │ standup · rescan · exit                   │            │
│            ╰────────────────────────────────────────────────────────────────────────╯            │
│                                                                                                  │
│                                                                                                  │
╰──────────────────────────────────────────────────────────────────────────────────────────────────╯
╭──────────────────────────────────────────────────────────────────────────────────────────────────╮
│ ⏎ run · Esc cancel                                                                               │
╰──────────────────────────────────────────────────────────────────────────────────────────────────╯
