---
source: crates/cohors-tui/src/ui.rs
expression: "render_to_string(&app, 92, 18)"
---
┌ cohors ──────────────────────────────────────────────────────5 repos · sort: dirty-first ┐
│  Repo                 Branch             ↑/↓      Dirty        Stash Last commit         │
│▌ web-app       ┌ Help ──────────────────────────────────────────────────┐ wip: cart drawe│
│  payments      │Navigation                                              │fix: retry on 5x│
│  infra         │  j / k, ↓ / ↑    move selection                        │build: pin ci im│
│  auth-service  │  g / G           top / bottom                          │chore: bump deps│
│  legacy-billing│                                                        │                │
│                │View                                                    │                │
│                │  /               fuzzy filter (Esc clears)             │                │
│                │  d               toggle dirty-only                     │                │
│                │  s               cycle sort mode                       │                │
│                │                                                        │                │
│                │App                                                     │                │
│                │  r               refresh (re-scan)                     │                │
│                │  ?               toggle this help                      │                │
│                └────────────────────────────────────────────────────────┘                │
│                                                                                          │
└ ? / Esc close ───────────────────────────────────────────────────────────────────────────┘
