---
source: crates/cohors-tui/src/ui.rs
expression: "render_to_string(&app, 92, 12)"
---
┌ cohors ───────────────────────────────────────3/5 repos · sort: dirty-first · dirty-only ┐
│  Repo                 Branch             ↑/↓      Dirty        Stash Last commit         │
│▌ payments             main               ↑2       +3 ?1        1     2h  fix: retry on 5x│
│  web-app              feat/checkout      ↓5       +7           ·     20m  wip: cart drawe│
│  infra                @a1b2c3d (detached —        ?4           ·     1w  build: pin ci im│
│                                                                                          │
│                                                                                          │
│                                                                                          │
│                                                                                          │
│                                                                                          │
│                                                                                          │
└ ↑/↓ move · / filter · d dirty · s sort · ⏎ open · F fetch · p pull · L lazygit · ? help ·┘
