---
source: crates/cohors-tui/src/ui.rs
expression: "render_to_string(&app, 100, 22)"
---
╭──────────────────────────────────────────────────────────────────────────────────────────────────╮
│ ▜▒▟███▙▒▛  cohors  vX.Y.Z                         │  dir    ~/projects (+1)                     │
│ ▟██▌█▐██▙  All your git repositories at a glance   │  config ….config/cohors/config.toml         │
│ ▀▐▖▀█▀▗▌▀  status · fetch · pull · weekly standup  │  active 20m                                 │
╰──────────────────────────────────────────────────────────────────────────────────────────────────╯
╭ Attention (4 of 5 repositories) ─────────────────────────────────────────────────────────────────╮
│ 1 unpushed · 1 behind · 3 dirty · 1 stashed · 1 unreadable                                       │
╰──────────────────────────────────────────────────────────────────────────────────────────────────╯
╭ Repositorie╭ Shell command ─────────────────────────────────────────────────────────╮────────────╮
│    Repo    │ : !git checkout main▏                                                  │            │
│▌   legacy-b│ ────────────────────────────────────────────────────────────────────── │ot read .gi…│
│    payments│ ▌ :!<cmd>                  │ run any shell command across the targets  │shed        │
│    web-app ╰────────────────────────────────────────────────────────────────────────╯nd — pull   │
│    infra             @a1b2c3d       —     4        ·      —    —          1w  4 uncommitted chan…│
│    auth-service      main           —     ·        ·      1    pending    3d  ·                  │
│ legacy-billing  ·  unborn ─────────────────────────────────────────────────── Enter: full detail │
│                                                                                                  │
│ ⚠ could not read .git (permission denied)                                                        │
╰──────────────────────────────────────────────────────────────────────────────────────────────────╯
╭──────────────────────────────────────────────────────────────────────────────────────────────────╮
│ ⏎ run · Esc cancel                                                                               │
╰──────────────────────────────────────────────────────────────────────────────────────────────────╯
