---
source: crates/cohors-tui/src/ui.rs
expression: "render_to_string(&app, 100, 18)"
---
╭──────────────────────────────────────────────────────────────────────────────────────────────────╮
│ █ ▟███▙ █  cohors  vX.Y.Z                                 │  dir    (demo)                      │
│ ███ █ ███  All your git repositories at a glance —         │  repos  12  ·  6 dirty              │
│ █ ▜███▛ █  status · fetch · pull · weekly standup          │  status 10 need attention           │
╰──────────────────────────────────────────────────────────────────────────────────────────────────╯
╭ Attention (10 of 12 repositories) ───────────────────────────────────────────────────────────────╮
│ 4 unpushed (1 aging) · 3 behind · 6 dirty · 2 stashed · 1 unreadable                             │
╰──────────────────────────────────────────────────────────────────────────────────────────────────╯
╭ Repositories (12) · sort: dirty-first ───────────────────────────────────────────────────────────╮
│    Repo              Branch         Sync         Changes  Last commit                            │
│                                             ↑ 7 more                                             │
│    experiments       @9f8e7d6       —            7         1y  spike: try wgpu for the renderer  │
│    infra             @a1b2c3d       —            4         1w  build: pin terraform provider vers│
│    cli-tools         main           ●            1        12h  docs: add shell-completion install│
│    auth-service      main           ●            ·         3d  chore: bump jsonwebtoken to 9.3   │
│▌   marketing-site    main           ·            ·        1mo  content: Q2 launch landing page   │
╰──────────────────────────────────────────────────────────────────────────────────────────────────╯
───────────────────────────────────── press h to unhide hints ──────────────────────────────────────
