---
source: crates/cohors-tui/src/ui.rs
expression: "render_to_string(&app, 100, 20)"
---
╭──────────────────────────────────────────────────────────────────────────────────────────────────╮
│ ▀▄     ▄▀  cohors  vX.Y.Z                                 │  dir    ~/projects (+1)             │
│    ▟█▙     All your git repositories at a glance           │  config ….config/cohors/config.toml │
│ ▄▀     ▀▄  status · fetch · pull · weekly standup          │  active 20m                         │
╰──────────────────────────────────────────────────────────────────────────────────────────────────╯
╭ Attention (4 of 5 repositories) ─────────────────────────────────────────────────────────────────╮
│ 1 unpushed · 1 behind · 3 dirty · 1 stashed · 1 unreadable                                       │
╰──────────────────────────────────────────────────────────────────────────────────────────────────╯
╭ Repositories (5) · sort: dirty-first ────────────────────────────────────────────────────────────╮
│    Repo              Branch         Sync      Changes  Last commit                               │
│▌   legacy-billing    error          ·         ·        could not read .git (permission denied)   │
│    payments          main           ↑2 ● 2pr  4 s1      2h  fix: retry on 5xx                    │
│    web-app           feat/checkout  ↓5 ●      7        20m  wip: cart drawer                     │
│    infra             @a1b2c3d       —         4         1w  build: pin ci image                  │
│    auth-service      main           ● 1pr     ·         3d  chore: bump deps                     │
│                                                                                                  │
│                                                                                                  │
│                                                                                                  │
╰──────────────────────────────────────────────────────────────────────────────────────────────────╯
───────────────────────────────────── press h to unhide hints ──────────────────────────────────────
