---
source: crates/cohors-tui/src/ui.rs
expression: "render_to_string(&app, 100, 26)"
---
╭──────────────────────────────────────────────────────────────────────────────────────────────────╮
│ ▜▒▟███▙▒▛  cohors  vX.Y.Z                         │  dir    (demo)                              │
│ ▟██▌█▐██▙  All your git repositories at a glance   │  config (demo)                              │
│ ▀▐▖▀█▀▗▌▀  status · fetch · pull · weekly standup  │  active 20m                                 │
╰──────────────────────────────────────────────────────────────────────────────────────────────────╯
╭ Attention (10 of 12 repositories) ───────────────────────────────────────────────────────────────╮
│ 4 unpushed (1 aging) · 3 behind · 6 dirty · 2 stashed · 1 unreadable                             │
╰──────────────────────────────────────────────────────────────────────────────────────────────────╯
╭ Repositories (12) · sort: dirty-first ───────────────────────────────────────────────────────────╮
│    Repo              Branch         Sync   Changes  Stash  PRs  CI       Last  Status            │
│▌   legacy-billing    error          ·      ·        ·      ·    ·        ·     could not read .g…│
│    mobile-app        release/2.0    ↑4 ↓1  4        ·      3    pending    9h  ↑4↓1 diverged     │
│                                             ↓ 10 more                                            │
╰──────────────────────────────────────────────────────────────────────────────────────────────────╯
╭ legacy-billing  ·  unborn ─────────────────────────────────────────────────── Enter: full detail ╮
│                                                                                                  │
│ ⚠ could not read .git (permission denied)                                                        │
╰──────────────────────────────────────────────────────────────────────────────────────────────────╯
────────────────────────────────────── press h to hide hints ───────────────────────────────────────
╭ select ───────────────────────╮ ╭ act ─────────────────────────╮ ╭ view ─────────────────────────╮
│ a mark all    │ Esc clear     │ │ ⏎ open        │ P push       │ │ ↑/↓ move      │ ? help        │
│ / filter      │               │ │ f fetch       │ S stash      │ │ s sort        │ q quit        │
│ ───────────────────────────── │ │ p pull        │              │ │ ───────────────────────────── │
│ Space mark repo               │ │ ──────────────────────────── │ │ d dirty-only                  │
│                               │ │ ! run command                │ │ Tab standup                   │
╰───────────────────────────────╯ ╰──────────── → legacy-billing ╯ ╰───────────────────────────────╯
