---
source: crates/cohors-tui/src/ui.rs
expression: "render_to_string(&app, 100, 22)"
---
╭ cohors vX.Y.Z ──────────────────────────────────────────────────────────────────────────────────╮
│ All your git repositories at a glance — status, fetch, pull & weekly standup.                    │
╰─────╭ Run · cargo test ────────────────────────────────────────────────────────────────────╮─────╯
╭ Atte│ ╭ Repos ─────────────────╮  ╭ web-app ──────────────────────────────────────────────╮│─────╮
│ 1 un│ │ ✓ payments             │  │ exit 1                                                ││     │
╰─────│ │ ✗ web-app 1            │  │                                                       ││─────╯
╭ Repo│ │                        │  │ running 3 tests                                       ││─────╮
│    R│ │                        │  │ ── stderr ──                                          ││     │
│▌   l│ │                        │  │ test cart::total failed                               ││d)   │
│    p│ │                        │  │ error: 1 test failed                                  ││     │
│    w│ │                        │  │                                                       ││     │
│    i│ │                        │  │                                                       ││     │
│    a│ │                        │  │                                                       ││     │
│     │ │                        │  │                                                       ││     │
│     │ │                        │  │                                                       ││     │
│     │ │                        │  │                                                       ││     │
│     │ │                        │  │                                                       ││     │
│     │ │                        │  │                                                       ││     │
╰─────│ ╰────────────────────────╯  ╰───────────────────────────────────────────────────────╯│─────╯
╭─────╰─────────────────────────────────────────────────────────────────────────── 1 ✓ · 1 ✗ ╯─────╮
│ ↑/↓ repo · PgUp/PgDn scroll output · y copy · Esc close                                          │
╰──────────────────────────────────────────────────────────────────────────────────────────────────╯
