---
source: crates/cohors-tui/src/ui.rs
expression: "render_to_string(&app, 100, 20)"
---
╭ cohors vX.Y.Z ──────────────────────────────────────────────────────────────────────────────────╮
│ All your git repositories at a glance — status, fetch, pull & weekly standup.                    │
╰──────────────────────────────────────────────────────────────────────────────────────────────────╯
╭ Attention (4 of 5 repositories) ─────────────────────────────────────────────────────────────────╮
│ 1 unpushed · 1 behind · 3 dirty · 1 stashed · 1 unreadable                                       │
╰──────────────────────────────────────────────────────────────────────────────────────────────────╯
╭ Repositories (5) · sort: dirty-first ────────────────────────────────────────────────────────────╮
│    Repo              B╭ Open legacy-billing with… ───────────────────────╮                       │
│▌   legacy-billing    e│ No editor CLI found on your PATH.                │ (permission denied)   │
│    payments          m│ Install its shell command to list it here.       │5xx                    │
│    web-app           f│ ▌ Reveal in file manager                         │er                     │
│    infra             @│   Open in lazygit                                │image                  │
│    auth-service      m╰──────────────────────────────────────────────────╯ps                     │
│                                                                                                  │
│                                                                                                  │
│                                                                                                  │
╰──────────────────────────────────────────────────────────────────────────────────────────────────╯
╭──────────────────────────────────────────────────────────────────────────────────────────────────╮
│ ↑/↓ choose · ⏎ open · d set default · Esc cancel                                                 │
╰──────────────────────────────────────────────────────────────────────────────────────────────────╯
