---
source: crates/cohors-tui/src/ui.rs
expression: "render_to_string(&app, 100, 20)"
---
╭ cohors vX.Y.Z ──────────────────────────────────────────────────────────────────────────────────╮
│ All your git repositories at a glance — status, fetch, pull & weekly standup.                    │
╰──────────────────────────────────────────────────────────────────────────────────────────────────╯
╭ Attention (4 of 5 repositories) ─────────────────────────────────────────────────────────────────╮
│ 1 unpushed · 1 behind · 3 dirty · 1 stashed · 1 unreadable                                       │
╰──────────────────────────────────────────────────────────────────────────────────────────────────╯
╭ Repositories (5) · sort: dirty-first ────────────────────────────────────────────────────────────╮
│    Repo    ╭ Run command · 1 repos ─────────────────────────────────────────────────╮            │
│▌   legacy-b│ $ git fetch --all▏                                                     │n denied)   │
│    payments│                                                                        │            │
│    web-app │ Runs concurrently across the 1 target repo, capturing per-repo output. │            │
│    infra   │ e.g.     git checkout main   ·   npm ci   ·   rg TODO                  │            │
│    auth-ser╰────────────────────────────────────────────────────────────────────────╯            │
│                                                                                                  │
│                                                                                                  │
│                                                                                                  │
╰──────────────────────────────────────────────────────────────────────────────────────────────────╯
╭──────────────────────────────────────────────────────────────────────────────────────────────────╮
│ ⏎ run · Esc cancel                                                                               │
╰──────────────────────────────────────────────────────────────────────────────────────────────────╯
