---
source: crates/cohors-tui/src/ui.rs
expression: "render_to_string(&app, 100, 26)"
---
╭ cohors vX.Y.Z ──────────────────────────────────────────────────────────────────────────────────╮
│ All your git repositories at a glance — status, fetch, pull & weekly standup.                    │
╰──────────────────────────────────────────────────────────────────────────────────────────────────╯
╭ Attention (10 of 12 repositories) ───────────────────────────────────────────────────────────────╮
│ 4 unpushed (1 aging) · 3 behind · 6 dirty · 2 stashed · 1 unreadable                             │
╰──────────────────────────────────────────────────────────────────────────────────────────────────╯
╭ Repositories (12) · sort: dirty-first ───────────────────────────────────────────────────────────╮
│    Repo              Branch         Sync         Changes  Last commit                            │
│                                                                                                  │
│▌   legacy-billing    error          ·            ·        could not read .git (permission denied)│
│    mobile-app        release/2.0    ↑4 ↓1 ● 3pr  4         9h  feat: biometric unlock            │
│    payments          main           ↑2 ● 2pr     3         2h  fix: retry charge on 5xx from proc│
│    analytics         main           ↑1 ●         · s2      4d  perf: precompute funnel rollups   │
│    design-system     main           ↑1 ● 1pr     · s1      6h  feat: dark-mode tokens            │
│    web-app           feat/checkout  ↓5 ● 1pr     7        20m  wip: cart drawer animation        │
│    data-pipeline     main           ↓3 ●         ·         5h  fix: backfill job off-by-one windo│
│                                            … 5 more ↓                                            │
╰──────────────────────────────────────────────────────────────────────────────────────────────────╯
────────────────────────────────────── press h to hide hints ───────────────────────────────────────
╭ select ───────────────────────╮ ╭ act ─────────────────────────╮ ╭ view ─────────────────────────╮
│a mark all     │Esc clear      │ │⏎ open         │P push        │ │↑/↓ move       │? help         │
│/ filter       │               │ │f fetch        │S stash       │ │s sort         │q quit         │
│───────────────────────────────│ │p pull         │              │ │───────────────────────────────│
│Space mark repo                │ │──────────────────────────────│ │d dirty-only                   │
│                               │ │! run command                 │ │Tab standup                    │
╰───────────────────────────────╯ ╰──────────── → legacy-billing ╯ ╰───────────────────────────────╯
