---
source: crates/cohors-tui/src/ui.rs
expression: "render_to_string(&app, 100, 20)"
---
╭──────────────────────────────────────────────────────────────────────────────────────────────────╮
│ ▟█▙  cohors  vX.Y.Z                                                                             │
│ ▜█▛  All your git repositories at a glance —                                                     │
│  ▀   status · fetch · pull · weekly standup                                                      │
╰──────────────────────────────────────────────────────────────────────────────────────────────────╯
╭ Attention (4 of 5 repositories) ─────────────────────────────────────────────────────────────────╮
│ 1 unpushed · 1 behind · 3 dirty · 1 stashed · 1 unreadable                                       │
╰──────────────────────────────────────────────────────────────────────────────────────────────────╯
╭ Repositories (5) · sort: dirty-first ────────────────────────────────────────────────────────────╮
│    Repo              Branch         Sync      Changes  Last commit                               │
│                                             ↓ 4 more                                             │
╰──────────────────────────────────────────────────────────────────────────────────────────────────╯
────────────────────────────────────── press h to hide hints ───────────────────────────────────────
╭ select ───────────────────────╮ ╭ act ─────────────────────────╮ ╭ view ─────────────────────────╮
│ a mark all    │ Esc clear     │ │ ⏎ open        │ P push       │ │ ↑/↓ move      │ ? help        │
│ / filter      │               │ │ f fetch       │ S stash      │ │ s sort        │ q quit        │
│ ───────────────────────────── │ │ p pull        │              │ │ ───────────────────────────── │
│ Space mark repo               │ │ ──────────────────────────── │ │ d dirty-only                  │
│                               │ │ ! run command                │ │ Tab standup                   │
╰───────────────────────────────╯ ╰──────────────── → 2 selected ╯ ╰───────────────────────────────╯
