---
source: crates/cohors-tui/src/ui.rs
expression: "render_to_string(&app, 100, 18)"
---
╭ cohors vX.Y.Z ───────────────────────────────────────────────────────5 repos · sort: dirty-first ╮
│ All you╭ Standup · this week ───────────────────────────────────────────────────────────╮        │
╰────────│ Collecting your commits for this week…                                         │────────╯
╭ Attenti│                                                                                │────────╮
│ 4 of 5 │                                                                                │        │
│ 1 unpus│                                                                                │        │
╰────────│                                                                                │────────╯
╭ Reposit│                                                                                │────────╮
│  Repo  │                                                                                │        │
│        │                                                                                │        │
│▌   lega│                                                                                │(permiss│
│    paym│                                                                                │xx      │
│    web-│                                                                                │r       │
│    infr│                                                                                │mage    │
╰────────│                                                                                │────────╯
╭────────│                                                                                │────────╮
│ ↑/↓ scr╰────────────────────────────────────────────────────────────────────────────────╯        │
╰──────────────────────────────────────────────────────────────────────────────────────────────────╯
