---
source: crates/cohors-tui/src/ui.rs
expression: "render_to_string(&app, 100, 22)"
---
╭ cohors vX.Y.Z ──────────────────────────────────────────────────────────────────────────────────╮
│ All your git repositories at a glance — status, fetch, pull & weekly standup.                    │
╰──────────────────────────────────────────────────────────────────────────────────────────────────╯
╭ Attention (4 of 5 repositories) ─────────────────────────────────────────────────────────────────╮
│ 1 unpushed · 1 behind · 3 dirty · 1 stashed · 1 unreadable                                       │
╰──────────────────────────────────────────────────────────────────────────────────────────────────╯
╭ Repositories (5) · sort: dirty-first ────────────────────────────────────────────────────────────╮
│    Repo    ╭ Command ───────────────────────────────────────────────────────────────╮            │
│▌   legacy-b│ : sort name▏                                                           │n denied)   │
│    payments│                                                                        │            │
│    web-app │ act      :fetch  :pull  :push                                          │            │
│    infra   │ shell    :!<cmd>   run a command across the target repos               │            │
│    auth-ser│ view     :sort <name·dirty·recent>   :dirty   /<text> filter           │            │
│            │ go       :jump <repo>   :standup   :refresh   :quit                    │            │
│            ╰────────────────────────────────────────────────────────────────────────╯            │
│                                                                                                  │
│                                                                                                  │
│                                                                                                  │
╰──────────────────────────────────────────────────────────────────────────────────────────────────╯
╭──────────────────────────────────────────────────────────────────────────────────────────────────╮
│ ⏎ run · Esc cancel                                                                               │
╰──────────────────────────────────────────────────────────────────────────────────────────────────╯
