---
source: crates/cohors-tui/src/ui.rs
expression: "render_to_string(&app, 50, 24)"
---
╭ cohors vX.Y.Z ────────────────────────────────╮
│ All your git repositories at a glance — status │
╰────────────────────────────────────────────────╯
╭ Attention (4 of 5 repositories) ───────────────╮
│ 1 ╭ Standup · this week ───────────────────╮·  │
╰───│                                        │───╯
╭ Re│ You authored 11 commits this week      │───╮
│   │ across 2 repos, shipping 8 features    │s  │
│   │ and fixing 3 bugs.                     │   │
│▌  │ ╭ Repos ─────────────────────────────╮ │   │
│   │ │ payments  8                        │ │   │
│   │ │ web-app  3                         │ │   │
│   │ │                                    │ │   │
│   │ │                                    │ │   │
│   │ │                                    │ │   │
│   │ │                                    │ │   │
│   │ ╰────────────────────────────────────╯ │   │
│   │                                        │   │
│   │ ╭ payments  ·  8 commits ────────────╮ │   │
╰───╰────────────────── 11 commits · 2 repos ╯───╯
╭────────────────────────────────────────────────╮
│ ↑/↓ repo · →/⏎ view commits · w window · y     │
│ copy · q close                                 │
╰────────────────────────────────────────────────╯
