---
source: crates/cohors-tui/src/ui.rs
expression: "render_to_string(&app, 100, 40)"
---
╭──────────────────────────────────────────────────────────────────────────────────────────────────╮
│ ▜▒▟███▙▒▛  cohors  vX.Y.Z                         │  dir    ~/projects (+1)                     │
│ ▟██▌█▐██▙  Al╭ Help ──────────────────────────────────────────────────────────────╮.toml         │
│ ▀▐▖▀█▀▗▌▀  st│                                                                    │              │
╰──────────────│  Legend — what each column shows                                   │──────────────╯
╭ Attention (4 │    ↑2              commits ahead of upstream                       │──────────────╮
│ 1 unpushed · │    ↓5              commits behind upstream                         │              │
╰──────────────│    ·               even with upstream                              │──────────────╯
╭ Repositories │    —               no upstream (local only)                        │──────────────╮
│    Repo      │    ● ● ●           CI: pass / fail / pending                       │s             │
│▌   legacy-bil│    2pr             open pull requests                              │ not read .gi…│
│    payments  │    3               changed files, all staged                       │pushed        │
│    web-app   │    3               changed files, some unstaged                    │hind — pull   │
│    infra     │    s1              stash entries                                   │ommitted chan…│
│    auth-servi│    name            row: clean                                      │              │
│              │    name            row: needs attention                            │              │
│              │    ●               row: marked for a bulk action                   │              │
│              │                                                                    │              │
│              │  Navigation                                                        │              │
│              │    ↑ / ↓           move cursor                                     │              │
│              │    Home / End      top / bottom                                    │              │
│              │                                                                    │              │
│              │  Select & filter                                                   │              │
│              │    Space           mark / unmark the repo                          │              │
│              │    a               mark all (again to clear)                       │              │
│              │    Esc             clear the selection                             │              │
│              │    /               fuzzy filter (Esc clears)                       │              │
│              │    :               command mode (:fetch, :!cmd shell, :sort,       │              │
│              │  :jump …)                                                          │              │
│              │    d               toggle dirty-only                               │              │
│              │    s               cycle sort mode                                 │              │
│              │    Tab             weekly standup                                  │              │
╰──────────────│                                                                    │──────────────╯
╭ legacy-billin│  Act — on the marked repos, else the current one                   │: full detail ╮
│              │    ⏎               inspect repo — commits, changes, branches       │              │
│ ⚠ could not r│    o               open with… (editors, reveal, lazygit)           │              │
╰──────────────│                                                                    │──────────────╯
╭──────────────╰────────────────────────────────────────────────────────────────────╯──────────────╮
│ ? / Esc close                                                                                    │
╰──────────────────────────────────────────────────────────────────────────────────────────────────╯
