---
source: crates/cohors-tui/src/ui.rs
expression: "render_to_string(&app, 100, 22)"
---
╭──────────────────────────────────────────────────────────────────────────────────────────────────╮
│ ▀▄     ▄▀  cohors  vX.Y.Z                                 │  dir    ~/projects (+1)             │
│    ▟╭ Run · git status -s ─────────────────────────────────────────────────────────────────╮toml │
│ ▄▀  │ ╭ Repos ─────────────────╮  ╭ payments ─────────────────────────────────────────────╮│     │
╰─────│ │ ✓ payments             │  │ exit 0                                                ││─────╯
╭ Atte│ │ ⠋ web-app              │  │                                                       ││─────╮
│ 1 un│ │ ⠋ auth-service         │  │  M src/lib.rs                                         ││     │
╰─────│ │                        │  │ ?? notes.txt                                          ││─────╯
╭ Repo│ │                        │  │                                                       ││─────╮
│    R│ │                        │  │                                                       ││     │
│▌   l│ │                        │  │                                                       ││d)   │
│    p│ │                        │  │                                                       ││     │
│    w│ │                        │  │                                                       ││     │
│    i│ │                        │  │                                                       ││     │
│    a│ │                        │  │                                                       ││     │
│     │ │                        │  │                                                       ││     │
│     │ │                        │  │                                                       ││     │
│     │ │                        │  │                                                       ││     │
╰─────│ ╰────────────────────────╯  ╰───────────────────────────────────────────────────────╯│─────╯
╭─────╰─────────────────────────────────────────────────────────────── 1 ✓ · 0 ✗ · 2 running ╯─────╮
│ ↑/↓ repo · PgUp/PgDn scroll output · y copy · Esc close                                          │
╰──────────────────────────────────────────────────────────────────────────────────────────────────╯
