---
source: crates/cohors-tui/src/ui.rs
expression: "render_to_string(&app, 100, 22)"
---
╭ cohors vX.Y.Z ───────────────────────────────────────────────────────────────────────────────── ╮
│ All your git repositories at a glance — status, fetch, pull & weekly standup.                    │
╰─────╭ Run · cargo test ────────────────────────────────────────────────────────────────────╮─────╯
╭ Atte│ ✓ payments                  exit 1                                                   │─────╮
│ 1 un│ ✗ web-app 1                                                                          │     │
╰─────│                             running 3 tests                                          │─────╯
╭ Repo│                             ── stderr ──                                             │─────╮
│    R│                             test cart::total failed                                  │     │
│     │                             error: 1 test failed                                     │     │
│▌   l│                                                                                      │d)   │
│    p│                                                                                      │     │
│    w│                                                                                      │     │
│    i│                                                                                      │     │
│    a│                                                                                      │     │
│     │                                                                                      │     │
│     │                                                                                      │     │
│     │                                                                                      │     │
│     │                                                                                      │     │
╰─────│                                                                                      │─────╯
╭─────╰─────────────────────────────────────────────────────────────────────────── 1 ✓ · 1 ✗ ╯─────╮
│ ↑/↓ repo · PgUp/PgDn scroll output · y copy · Esc close                                          │
╰──────────────────────────────────────────────────────────────────────────────────────────────────╯
