---
source: crates/cohors-tui/src/ui.rs
expression: "render_to_string(&app, 100, 22)"
---
╭ cohors vX.Y.Z ──────────────────────────────────────────────────────────────────────────────────╮
│ All your git repositories at a glance — status, fetch, pull & weekly standup.                    │
╰─────╭ Run · git status -s ─────────────────────────────────────────────────────────────────╮─────╯
╭ Atte│ ╭ Repos ─────────────────╮  ╭ payments ─────────────────────────────────────────────╮│─────╮
│ 1 un│ │ ✓ payments             │  │ exit 0                                                ││     │
╰─────│ │ ⠋ web-app              │  │                                                       ││─────╯
╭ Repo│ │ ⠋ auth-service         │  │  M src/lib.rs                                         ││─────╮
│    R│ │                        │  │ ?? notes.txt                                          ││     │
│▌   l│ │                        │  │                                                       ││d)   │
│    p│ │                        │  │                                                       ││     │
│    w│ │                        │  │                                                       ││     │
│    i│ │                        │  │                                                       ││     │
│    a│ │                        │  │                                                       ││     │
│     │ │                        │  │                                                       ││     │
│     │ │                        │  │                                                       ││     │
│     │ │                        │  │                                                       ││     │
│     │ │                        │  │                                                       ││     │
│     │ │                        │  │                                                       ││     │
╰─────│ ╰────────────────────────╯  ╰───────────────────────────────────────────────────────╯│─────╯
╭─────╰─────────────────────────────────────────────────────────────── 1 ✓ · 0 ✗ · 2 running ╯─────╮
│ ↑/↓ repo · PgUp/PgDn scroll output · y copy · Esc close                                          │
╰──────────────────────────────────────────────────────────────────────────────────────────────────╯
