---
source: crates/cohors-tui/src/ui.rs
expression: "render_to_string(&app, 100, 22)"
---
╭──────────────────────────────────────────────────────────────────────────────────────────────────╮
│ ▜▒▟███▙▒▛  cohors  vX.Y.Z                         │  dir    ~/projects (+1)                     │
│ ▟██▌█▐██▙  All your git repositories at a glance   │  config ….config/cohors/config.toml         │
│ ▀▐▖▀█▀▗▌▀  status · fetch · pull · weekly standup  │  active 20m                                 │
╰──────────────────────────────────────────────────────────────────────────────────────────────────╯
╭ Attention (4 of 5 repositories) ─────────────────────────────────────────────────────────────────╮
│ 1 unpushed ╭ Command ───────────────────────────────────────────────────────────────╮            │
╰────────────│ : sort name▏                                                           │────────────╯
╭ Repositorie│ ────────────────────────────────────────────────────────────────────── │────────────╮
│    Repo    │ :fetch :pull :push         │ sync the targets with their remotes       │us          │
│▌   legacy-b│ :!<cmd>                    │ run any shell command across the targets  │d not read …│
│    payments│ :sort <name·dirty·recent>  │ change the sort order                     │npushed     │
│    web-app │ :dirty   /<text>           │ dirty-only · fuzzy filter                 │ehind — pull│
│    infra   │ :jump <repo>               │ move the cursor to a repo                 │committed c…│
│    auth-ser│ :standup :refresh :quit    │ standup · rescan · exit                   │o date      │
│ legacy-bill╰────────────────────────────────────────────────────────────────────────╯full detail │
│                                                                                                  │
│ ⚠ could not read .git (permission denied)                                                        │
╰──────────────────────────────────────────────────────────────────────────────────────────────────╯
╭──────────────────────────────────────────────────────────────────────────────────────────────────╮
│ ⏎ run · Esc cancel                                                                               │
╰──────────────────────────────────────────────────────────────────────────────────────────────────╯
