---
source: crates/cohors-tui/src/ui.rs
expression: "render_to_string(&app, 100, 18)"
---
 cohors                                                                 5 repos · sort: dirty-first 
┌ Attention ───────────────────────────────────────────────────────────────────────────────────────┐
│ 4 of 5 reposi┌ Standup ───────────────────────────────────────────────────────────┐              │
│ 1 unpushed · │ Collecting commits for this week…                                  │              │
└──────────────│                                                                    │──────────────┘
┌ Repositories │                                                                    │──────────────┐
│  Repo        │                                                                    │              │
│              │                                                                    │              │
│▌ legacy-billi│                                                                    │ .git (permiss│
│  payments    │                                                                    │y on 5xx      │
│  web-app     │                                                                    │ drawer       │
│  infra       │                                                                    │n ci image    │
│  auth-service│                                                                    │mp deps       │
│              │                                                                    │              │
│              │                                                                    │              │
│              └────────────────────────────────────────────────────────────────────┘              │
└──────────────────────────────────────────────────────────────────────────────────────────────────┘
 w window · y copy · Tab/Esc close
