---
source: crates/cohors-tui/src/ui.rs
expression: "render_to_string(&app, 92, 10)"
---
┌ cohors ────────────────────────────────────────0 repos · sort: dirty-first · ⠋ scanning… ┐
│                                                                                          │
│                                                                                          │
│                                                                                          │
│                                                                                          │
│                                  ⠋ Scanning ~/projects…                                  │
│                                                                                          │
│                                                                                          │
│                                                                                          │
└ j/k move · / filter · d dirty · s sort · r refresh · ? help · q quit ────────────────────┘
