---
source: crates/cohors-tui/src/ui.rs
expression: "render_to_string(&app, 92, 10)"
---
┌ cohors ──────────────────────────────────────────────────────0 repos · sort: dirty-first ┐
│                                                                                          │
│                                                                                          │
│                                                                                          │
│                           No git repos found under: ~/projects                           │
│                                                                                          │
│                Run `cohors init` to create a config, or pass --root <dir>.               │
│                                                                                          │
│                                                                                          │
└ ↑/↓ move · / filter · d dirty · s sort · ⏎ open · F fetch · p pull · L lazygit · ? help ·┘
