---
source: crates/cohors-tui/src/ui.rs
expression: "render_to_string(&app, 100, 20)"
---
╭ cohors vX.Y.Z ──────────────────────────────────────────────────────────────────────────────────╮
│ All your git repositories at a glance — status, fetch, pull & weekly standup.                    │
╰──────────────────────────────────────────────────────────────────────────────────────────────────╯
╭ Attention (4 of 5 repositories) ─────────────────────────────────────────────────────────────────╮
│ 1 unpushed · 1 behind · 3 dirty · 1 stashed · 1 unreadable                                       │
╰──────────────────────────────────────────────────────────────────────────────────────────────────╯
╭ Repositories (5) · sort: dirty-first ────────────────────────────────────────────────────────────╮
│    Repo              ╭ Confirm ───────────────────────────────────────────╮                      │
│▌   legacy-billing    │ Stash changes in 2 repos?                          │(permission denied)   │
│  ● payments          │                                                    │xx                    │
│  ● web-app           │ payments, web-app                                  │r                     │
│    infra             │                                                    │mage                  │
│    auth-service      ╰────────────────────────────────────────────────────╯s                     │
│                                                                                                  │
│                                                                                                  │
│                                                                                                  │
╰──────────────────────────────────────────────────────────────────────────────────────────────────╯
╭──────────────────────────────────────────────────────────────────────────────────────────────────╮
│ y confirm · N / Esc cancel                                                                       │
╰──────────────────────────────────────────────────────────────────────────────────────────────────╯
