---
source: crates/cohors-tui/src/ui.rs
expression: "render_to_string(&app, 100, 20)"
---
╭──────────────────────────────────────────────────────────────────────────────────────────────────╮
│ █ ▟███▙ █  cohors  vX.Y.Z                                 │  dir    ~/projects (+1)             │
│ ███ █ ███  All your git repositories at a glance —         │  repos  5  ·  3 dirty               │
│ █ ▜███▛ █  status · fetch · pull · weekly standup          │  status 4 need attention            │
╰──────────────────────────────────────────────────────────────────────────────────────────────────╯
/ pay▏                                                                                              
╭ Repositories (2) · sort: dirty-first ────────────────────────────────────────────────────────────╮
│    Repo              Branch         Sync      Changes  Last commit                               │
│▌   payments          main           ↑2 ● 2pr  4 s1      2h  fix: retry on 5xx                    │
│    legacy-billing    error          ·         ·        could not read .git (permission denied)   │
│                                                                                                  │
│                                                                                                  │
│                                                                                                  │
│                                                                                                  │
│                                                                                                  │
│                                                                                                  │
╰──────────────────────────────────────────────────────────────────────────────────────────────────╯
╭──────────────────────────────────────────────────────────────────────────────────────────────────╮
│ filter type to filter · ⏎ apply · Esc clear                                                      │
╰──────────────────────────────────────────────────────────────────────────────────────────────────╯
