---
source: crates/cohors-tui/src/ui.rs
expression: "render_to_string(&app, 100, 12)"
---
╭ cohors v0.2.0 ─────────────────────────────────────────0 repos · sort: dirty-first · ⠋ scanning… ╮
│ All your git repositories at a glance — status, fetch, pull & weekly standup.                    │
╰──────────────────────────────────────────────────────────────────────────────────────────────────╯
                                                                                                    
                                                                                                    
                                                                                                    
                                                                                                    
                                       ⠋ Scanning ~/projects…                                       
                                                                                                    
                                                                                                    
                                                                                                    
 ↑/↓ move · / filter · d dirty · s sort · Tab standup · ⏎ open · F fetch · p pull · ? help · q quit
